DRC Error Report
C:/Users/JAI HANUMAN/Desktop/final_1040/final_1040_board.brd
Sun Apr 14 23:30:33 2013

DRC Error Count Summary
DRC Error Type,DRC Error Count
Pad to Pad,6
Physical Constraint,1
Total DRC Errors,7

Detailed DRC Errors
Constraint Name,DRC Marker Location,Required Value,Actual Value,Constraint Source,Constraint Source Type,Element 1,Element 2
SMD Pin to SMD Pin Spacing,(38.89 166.72),15 MIL,7.87 MIL,DEFAULT,NET SPACING CONSTRAINTS,Connect Pin "U1.3",Connect Pin "U1.4"
SMD Pin to SMD Pin Spacing,(275.11 217.91),15 MIL,7.87 MIL,DEFAULT,NET SPACING CONSTRAINTS,Connect Pin "U1.8",Connect Pin "U1.7"
SMD Pin to SMD Pin Spacing,(275.11 166.72),15 MIL,7.87 MIL,DEFAULT,NET SPACING CONSTRAINTS,Connect Pin "U1.6",Connect Pin "U1.5"
SMD Pin to SMD Pin Spacing,(38.89 225.78),15 MIL,7.87 MIL,DEFAULT,NET SPACING CONSTRAINTS,Connect Pin "U1.2",Connect Pin "U1.1"
SMD Pin to SMD Pin Spacing,(275.11 200.19),15 MIL,7.88 MIL,DEFAULT,NET SPACING CONSTRAINTS,Connect Pin "U1.6",Connect Pin "U1.7"
SMD Pin to SMD Pin Spacing,(38.89 200.19),15 MIL,7.88 MIL,DEFAULT,NET SPACING CONSTRAINTS,Connect Pin "U1.3",Connect Pin "U1.2"
Maximum Neck Length,(5.50 209.05),0 MIL,66.79 MIL,DEFAULT,PHYSICAL CONSTRAINTS,Horizontal Line Segment "Gnd_Power, Etch/Top",

Padstack Definition Report
C:/Users/JAI HANUMAN/Desktop/final_1040/final_1040_board.brd
Sun Apr 14 23:30:33 2013
Total Padstack Definitions: 9
Dimensions in mils with 2 decimal places

Padstack: R170_45 Type: smd Inner pads: Optional
Layer,Pad Type,Geometry,Width,Height,Offset X,Offset Y,Flash Name,Shape Name
TOP,ANTI,NULL,0.00,0.00,0.00,0.00,,
TOP,THERMAL,NULL,0.00,0.00,0.00,0.00,,
TOP,REGULAR,RECTANGLE,66.93,17.72,0.00,0.00,,
BOTTOM,ANTI,NULL,0.00,0.00,0.00,0.00,,
BOTTOM,THERMAL,NULL,0.00,0.00,0.00,0.00,,
BOTTOM,REGULAR,NULL,0.00,0.00,0.00,0.00,,
internal_pad_def,ANTI,NULL,0.00,0.00,0.00,0.00,,
internal_pad_def,THERMAL,NULL,0.00,0.00,0.00,0.00,,
internal_pad_def,REGULAR,NULL,0.00,0.00,0.00,0.00,,
SOLDERMASK_TOP,REGULAR,RECTANGLE,66.93,17.72,0.00,0.00,,
SOLDERMASK_BOTTOM,REGULAR,NULL,0.00,0.00,0.00,0.00,,
PASTEMASK_TOP,REGULAR,RECTANGLE,66.93,17.72,0.00,0.00,,
PASTEMASK_BOTTOM,REGULAR,NULL,0.00,0.00,0.00,0.00,,
FILMMASKTOP,REGULAR,NULL,0.00,0.00,0.00,0.00,,
FILMMASKBOTTOM,REGULAR,NULL,0.00,0.00,0.00,0.00,,

Drill Data for R170_45
Hole Type,Drill Dia,Plating,Figure,Characters,Width,Height,Offset X,Offset Y,Pos Tolerance,Neg Tolerance,Non-Standard
CIRCLE DRILL,0.00,PLATED,NULL,,0.00,0.00,0.00,0.00,0.00,0.00,

Padstack: R155_115 Type: smd Inner pads: Optional
Layer,Pad Type,Geometry,Width,Height,Offset X,Offset Y,Flash Name,Shape Name
TOP,ANTI,NULL,0.00,0.00,0.00,0.00,,
TOP,THERMAL,NULL,0.00,0.00,0.00,0.00,,
TOP,REGULAR,RECTANGLE,61.02,45.28,0.00,0.00,,
BOTTOM,ANTI,NULL,0.00,0.00,0.00,0.00,,
BOTTOM,THERMAL,NULL,0.00,0.00,0.00,0.00,,
BOTTOM,REGULAR,NULL,0.00,0.00,0.00,0.00,,
internal_pad_def,ANTI,NULL,0.00,0.00,0.00,0.00,,
internal_pad_def,THERMAL,NULL,0.00,0.00,0.00,0.00,,
internal_pad_def,REGULAR,NULL,0.00,0.00,0.00,0.00,,
SOLDERMASK_TOP,REGULAR,RECTANGLE,61.02,45.28,0.00,0.00,,
SOLDERMASK_BOTTOM,REGULAR,NULL,0.00,0.00,0.00,0.00,,
PASTEMASK_TOP,REGULAR,RECTANGLE,61.02,45.28,0.00,0.00,,
PASTEMASK_BOTTOM,REGULAR,NULL,0.00,0.00,0.00,0.00,,
FILMMASKTOP,REGULAR,NULL,0.00,0.00,0.00,0.00,,
FILMMASKBOTTOM,REGULAR,NULL,0.00,0.00,0.00,0.00,,

Drill Data for R155_115
Hole Type,Drill Dia,Plating,Figure,Characters,Width,Height,Offset X,Offset Y,Pos Tolerance,Neg Tolerance,Non-Standard
CIRCLE DRILL,0.00,PLATED,NULL,,0.00,0.00,0.00,0.00,0.00,0.00,

Padstack: SMD81_306 Type: smd Inner pads: Optional
Layer,Pad Type,Geometry,Width,Height,Offset X,Offset Y,Flash Name,Shape Name
TOP,ANTI,NULL,0.00,0.00,0.00,0.00,,
TOP,THERMAL,NULL,0.00,0.00,0.00,0.00,,
TOP,REGULAR,RECTANGLE,80.98,305.98,0.00,0.00,,
BOTTOM,ANTI,NULL,0.00,0.00,0.00,0.00,,
BOTTOM,THERMAL,NULL,0.00,0.00,0.00,0.00,,
BOTTOM,REGULAR,NULL,0.00,0.00,0.00,0.00,,
internal_pad_def,ANTI,NULL,0.00,0.00,0.00,0.00,,
internal_pad_def,THERMAL,NULL,0.00,0.00,0.00,0.00,,
internal_pad_def,REGULAR,NULL,0.00,0.00,0.00,0.00,,
SOLDERMASK_TOP,REGULAR,RECTANGLE,85.00,310.98,0.00,0.00,,
SOLDERMASK_BOTTOM,REGULAR,NULL,0.00,0.00,0.00,0.00,,
PASTEMASK_TOP,REGULAR,NULL,0.00,0.00,0.00,0.00,,
PASTEMASK_BOTTOM,REGULAR,NULL,0.00,0.00,0.00,0.00,,
FILMMASKTOP,REGULAR,NULL,0.00,0.00,0.00,0.00,,
FILMMASKBOTTOM,REGULAR,NULL,0.00,0.00,0.00,0.00,,

Drill Data for SMD81_306
Hole Type,Drill Dia,Plating,Figure,Characters,Width,Height,Offset X,Offset Y,Pos Tolerance,Neg Tolerance,Non-Standard
CIRCLE DRILL,0.00,PLATED,NULL,,0.00,0.00,0.00,0.00,0.00,0.00,

Padstack: PAD60CIR36D Type: through Inner pads: Fixed
Layer,Pad Type,Geometry,Width,Height,Offset X,Offset Y,Flash Name,Shape Name
TOP,ANTI,CIRCLE,88.00,88.00,0.00,0.00,,
TOP,THERMAL,CIRCLE,88.00,88.00,0.00,0.00,,
TOP,REGULAR,CIRCLE,60.00,60.00,0.00,0.00,,
BOTTOM,ANTI,CIRCLE,88.00,88.00,0.00,0.00,,
BOTTOM,THERMAL,CIRCLE,88.00,88.00,0.00,0.00,,
BOTTOM,REGULAR,CIRCLE,60.00,60.00,0.00,0.00,,
internal_pad_def,ANTI,CIRCLE,75.00,75.00,0.00,0.00,,
internal_pad_def,THERMAL,CIRCLE,75.00,75.00,0.00,0.00,,
internal_pad_def,REGULAR,CIRCLE,55.00,55.00,0.00,0.00,,
SOLDERMASK_TOP,REGULAR,CIRCLE,75.00,75.00,0.00,0.00,,
SOLDERMASK_BOTTOM,REGULAR,CIRCLE,75.00,75.00,0.00,0.00,,
PASTEMASK_TOP,REGULAR,NULL,0.00,0.00,0.00,0.00,,
PASTEMASK_BOTTOM,REGULAR,NULL,0.00,0.00,0.00,0.00,,
FILMMASKTOP,REGULAR,NULL,0.00,0.00,0.00,0.00,,
FILMMASKBOTTOM,REGULAR,NULL,0.00,0.00,0.00,0.00,,

Drill Data for PAD60CIR36D
Hole Type,Drill Dia,Plating,Figure,Characters,Width,Height,Offset X,Offset Y,Pos Tolerance,Neg Tolerance,Non-Standard
CIRCLE DRILL,36.00,PLATED,HEXAGON_X,,50.00,50.00,0.00,0.00,0.00,0.00,

Padstack: R120_85 Type: smd Inner pads: Optional
Layer,Pad Type,Geometry,Width,Height,Offset X,Offset Y,Flash Name,Shape Name
TOP,ANTI,NULL,0.00,0.00,0.00,0.00,,
TOP,THERMAL,NULL,0.00,0.00,0.00,0.00,,
TOP,REGULAR,RECTANGLE,47.24,33.46,0.00,0.00,,
BOTTOM,ANTI,NULL,0.00,0.00,0.00,0.00,,
BOTTOM,THERMAL,NULL,0.00,0.00,0.00,0.00,,
BOTTOM,REGULAR,NULL,0.00,0.00,0.00,0.00,,
internal_pad_def,ANTI,NULL,0.00,0.00,0.00,0.00,,
internal_pad_def,THERMAL,NULL,0.00,0.00,0.00,0.00,,
internal_pad_def,REGULAR,NULL,0.00,0.00,0.00,0.00,,
SOLDERMASK_TOP,REGULAR,RECTANGLE,47.24,33.46,0.00,0.00,,
SOLDERMASK_BOTTOM,REGULAR,NULL,0.00,0.00,0.00,0.00,,
PASTEMASK_TOP,REGULAR,RECTANGLE,47.24,33.46,0.00,0.00,,
PASTEMASK_BOTTOM,REGULAR,NULL,0.00,0.00,0.00,0.00,,
FILMMASKTOP,REGULAR,NULL,0.00,0.00,0.00,0.00,,
FILMMASKBOTTOM,REGULAR,NULL,0.00,0.00,0.00,0.00,,

Drill Data for R120_85
Hole Type,Drill Dia,Plating,Figure,Characters,Width,Height,Offset X,Offset Y,Pos Tolerance,Neg Tolerance,Non-Standard
CIRCLE DRILL,0.00,PLATED,NULL,,0.00,0.00,0.00,0.00,0.00,0.00,

Padstack: R280_170 Type: smd Inner pads: Optional
Layer,Pad Type,Geometry,Width,Height,Offset X,Offset Y,Flash Name,Shape Name
TOP,ANTI,NULL,0.00,0.00,0.00,0.00,,
TOP,THERMAL,NULL,0.00,0.00,0.00,0.00,,
TOP,REGULAR,RECTANGLE,110.24,66.93,0.00,0.00,,
BOTTOM,ANTI,NULL,0.00,0.00,0.00,0.00,,
BOTTOM,THERMAL,NULL,0.00,0.00,0.00,0.00,,
BOTTOM,REGULAR,NULL,0.00,0.00,0.00,0.00,,
internal_pad_def,ANTI,NULL,0.00,0.00,0.00,0.00,,
internal_pad_def,THERMAL,NULL,0.00,0.00,0.00,0.00,,
internal_pad_def,REGULAR,NULL,0.00,0.00,0.00,0.00,,
SOLDERMASK_TOP,REGULAR,RECTANGLE,110.24,66.93,0.00,0.00,,
SOLDERMASK_BOTTOM,REGULAR,NULL,0.00,0.00,0.00,0.00,,
PASTEMASK_TOP,REGULAR,RECTANGLE,110.24,66.93,0.00,0.00,,
PASTEMASK_BOTTOM,REGULAR,NULL,0.00,0.00,0.00,0.00,,
FILMMASKTOP,REGULAR,NULL,0.00,0.00,0.00,0.00,,
FILMMASKBOTTOM,REGULAR,NULL,0.00,0.00,0.00,0.00,,

Drill Data for R280_170
Hole Type,Drill Dia,Plating,Figure,Characters,Width,Height,Offset X,Offset Y,Pos Tolerance,Neg Tolerance,Non-Standard
CIRCLE DRILL,0.00,PLATED,NULL,,0.00,0.00,0.00,0.00,0.00,0.00,

Padstack: R145_115 Type: smd Inner pads: Optional
Layer,Pad Type,Geometry,Width,Height,Offset X,Offset Y,Flash Name,Shape Name
TOP,ANTI,NULL,0.00,0.00,0.00,0.00,,
TOP,THERMAL,NULL,0.00,0.00,0.00,0.00,,
TOP,REGULAR,RECTANGLE,57.09,45.28,0.00,0.00,,
BOTTOM,ANTI,NULL,0.00,0.00,0.00,0.00,,
BOTTOM,THERMAL,NULL,0.00,0.00,0.00,0.00,,
BOTTOM,REGULAR,NULL,0.00,0.00,0.00,0.00,,
internal_pad_def,ANTI,NULL,0.00,0.00,0.00,0.00,,
internal_pad_def,THERMAL,NULL,0.00,0.00,0.00,0.00,,
internal_pad_def,REGULAR,NULL,0.00,0.00,0.00,0.00,,
SOLDERMASK_TOP,REGULAR,RECTANGLE,57.09,45.28,0.00,0.00,,
SOLDERMASK_BOTTOM,REGULAR,NULL,0.00,0.00,0.00,0.00,,
PASTEMASK_TOP,REGULAR,RECTANGLE,57.09,45.28,0.00,0.00,,
PASTEMASK_BOTTOM,REGULAR,NULL,0.00,0.00,0.00,0.00,,
FILMMASKTOP,REGULAR,NULL,0.00,0.00,0.00,0.00,,
FILMMASKBOTTOM,REGULAR,NULL,0.00,0.00,0.00,0.00,,

Drill Data for R145_115
Hole Type,Drill Dia,Plating,Figure,Characters,Width,Height,Offset X,Offset Y,Pos Tolerance,Neg Tolerance,Non-Standard
CIRCLE DRILL,0.00,PLATED,NULL,,0.00,0.00,0.00,0.00,0.00,0.00,

Padstack: VIA Type: through Inner pads: Optional
Layer,Pad Type,Geometry,Width,Height,Offset X,Offset Y,Flash Name,Shape Name
TOP,ANTI,CIRCLE,30.00,30.00,0.00,0.00,,
TOP,THERMAL,FLASH,5.00,5.00,0.00,0.00,AB00,
TOP,REGULAR,CIRCLE,24.00,24.00,0.00,0.00,,
BOTTOM,ANTI,CIRCLE,30.00,30.00,0.00,0.00,,
BOTTOM,THERMAL,FLASH,5.00,5.00,0.00,0.00,AB00,
BOTTOM,REGULAR,CIRCLE,24.00,24.00,0.00,0.00,,
internal_pad_def,ANTI,CIRCLE,30.00,30.00,0.00,0.00,,
internal_pad_def,THERMAL,FLASH,5.00,5.00,0.00,0.00,AB00,
internal_pad_def,REGULAR,CIRCLE,24.00,24.00,0.00,0.00,,
SOLDERMASK_TOP,REGULAR,CIRCLE,44.00,44.00,0.00,0.00,,
SOLDERMASK_BOTTOM,REGULAR,CIRCLE,44.00,44.00,0.00,0.00,,
PASTEMASK_TOP,REGULAR,NULL,0.00,0.00,0.00,0.00,,
PASTEMASK_BOTTOM,REGULAR,NULL,0.00,0.00,0.00,0.00,,
FILMMASKTOP,REGULAR,NULL,0.00,0.00,0.00,0.00,,
FILMMASKBOTTOM,REGULAR,NULL,0.00,0.00,0.00,0.00,,

Drill Data for VIA
Hole Type,Drill Dia,Plating,Figure,Characters,Width,Height,Offset X,Offset Y,Pos Tolerance,Neg Tolerance,Non-Standard
CIRCLE DRILL,13.00,PLATED,CIRCLE,+,50.00,50.00,0.00,0.00,0.00,0.00,

Padstack: PAD125 Type: through Inner pads: Fixed
Layer,Pad Type,Geometry,Width,Height,Offset X,Offset Y,Flash Name,Shape Name
TOP,ANTI,CIRCLE,145.00,145.00,0.00,0.00,,
TOP,THERMAL,CIRCLE,145.00,145.00,0.00,0.00,,
TOP,REGULAR,CIRCLE,25.00,25.00,0.00,0.00,,
BOTTOM,ANTI,CIRCLE,145.00,145.00,0.00,0.00,,
BOTTOM,THERMAL,CIRCLE,145.00,145.00,0.00,0.00,,
BOTTOM,REGULAR,CIRCLE,25.00,25.00,0.00,0.00,,
internal_pad_def,ANTI,CIRCLE,145.00,145.00,0.00,0.00,,
internal_pad_def,THERMAL,CIRCLE,145.00,145.00,0.00,0.00,,
internal_pad_def,REGULAR,CIRCLE,25.00,25.00,0.00,0.00,,
SOLDERMASK_TOP,REGULAR,CIRCLE,145.00,145.00,0.00,0.00,,
SOLDERMASK_BOTTOM,REGULAR,CIRCLE,145.00,145.00,0.00,0.00,,
PASTEMASK_TOP,REGULAR,NULL,0.00,0.00,0.00,0.00,,
PASTEMASK_BOTTOM,REGULAR,NULL,0.00,0.00,0.00,0.00,,
FILMMASKTOP,REGULAR,NULL,0.00,0.00,0.00,0.00,,
FILMMASKBOTTOM,REGULAR,NULL,0.00,0.00,0.00,0.00,,

Drill Data for PAD125
Hole Type,Drill Dia,Plating,Figure,Characters,Width,Height,Offset X,Offset Y,Pos Tolerance,Neg Tolerance,Non-Standard
CIRCLE DRILL,125.00,NON_PLATED,NULL,X,75.00,75.00,0.00,0.00,0.00,0.00,

Padstack Usage Report
C:/Users/JAI HANUMAN/Desktop/final_1040/final_1040_board.brd
Sun Apr 14 23:30:33 2013

Total Padstack Instances
Padstack Name,Total Design Instances
PAD125,4
PAD60CIR36D,4
R120_85,2
R145_115,10
R155_115,12
R170_45,8
R280_170,2
SMD81_306,2
Detailed Padstack Usage
Symbol Name,Padstack Name,Pins per Symbol,Pins per Design,Pin Numbers
MTG125,PAD125,1,4,;
JUMPER2,PAD60CIR36D,2,4,1;2;
SOD3716X135M,R120_85,2,2,A;C;
CAPC2013X145AN,R145_115,2,10,1;2;
RESC2013X38M,R155_115,2,12,1;2;
SOP65P640X120-8M,R170_45,8,8,1;2;3;4;5;6;7;8;
DIOM5226X203M,R280_170,2,2,A;C;
INDUCTOR_NRS8030,SMD81_306,2,2,1;2;

Component Report
C:/Users/JAI HANUMAN/Desktop/final_1040/final_1040_board.brd
Sun Apr 14 23:30:48 2013
Total Components:  17
REFDES,COMP_DEVICE_TYPE,COMP_VALUE,COMP_TOL,COMP_PACKAGE,SYM_X,SYM_Y,SYM_ROTATE,SYM_MIRROR
C2,C_CAPC2013X145AN_1NF,1nF,,CAPC2013X145AN,545.25,-31.00,90.000,NO
C4,C_CAPC2013X145AN_1NF_1,1nF,,CAPC2013X145AN,518.50,-217.00,90.000,NO
CF1,C_CAPC2013X145AN_1U,1u,,CAPC2013X145AN,440.00,332.50,180.000,NO
CIN,C_CAPC2013X145AN_4.7UF,4.7uF,,CAPC2013X145AN,-76.50,221.00,90.000,NO
COUT,C_CAPC2013X145AN_10UF,10uF,,CAPC2013X145AN,-78.50,62.00,270.000,NO
DOUT,MMSZ5221_1.BT1_DIOM5226X203M_SM,SMM4F5.0,,DIOM5226X203M,260.25,-128.00,180.000,NO
DS,MMSZ5221_1.BT1_SOD3716X135M_STP,STPS0560Z,,SOD3716X135M,-58.00,-237.50,90.000,NO
J1,CON2_JUMPER2_CON2,CON2,,JUMPER2,-374.00,301.50,180.000,NO
J2,CON2_JUMPER2_CON2,CON2,,JUMPER2,-371.75,-316.00,180.000,NO
L1,L_INDUCTOR_NRS8030_10UH,10uH,,INDUCTOR_NRS8030,-363.50,26.75,270.000,NO
R1,R_RESC2013X38M_390K,390k,,RESC2013X38M,427.50,115.75,270.000,NO
R3,R_RESC2013X38M_1K,1k,,RESC2013X38M,188.00,334.50,180.000,NO
R11,R_RESC2013X38M_130K,130k,,RESC2013X38M,276.75,55.75,180.000,NO
RF1,R_RESC2013X38M_1K,1k,,RESC2013X38M,84.50,33.00,180.000,NO
RF2,R_RESC2013X38M_1K,1k,,RESC2013X38M,555.50,146.75,270.000,NO
RS1,R_RESC2013X38M_180M,180m,,RESC2013X38M,-227.25,-283.00,90.000,NO
U1,SPV1040_SOP65P640X120-8M_SPV104,spv1040,,SOP65P640X120-8M,157.00,196.25,0.000,NO
Bill of Material Report
C:/Users/JAI HANUMAN/Desktop/final_1040/final_1040_board.brd
Sun Apr 14 23:31:04 2013

SYM_NAME,COMP_DEVICE_TYPE,COMP_VALUE,COMP_TOL,COMP_CLASS,REFDES
CAPC2013X145AN,C_CAPC2013X145AN_1NF,1nF,,IC,C2
CAPC2013X145AN,C_CAPC2013X145AN_1NF_1,1nF,,IC,C4
CAPC2013X145AN,C_CAPC2013X145AN_1U,1u,,IC,CF1
CAPC2013X145AN,C_CAPC2013X145AN_4.7UF,4.7uF,,IC,CIN
CAPC2013X145AN,C_CAPC2013X145AN_10UF,10uF,,IC,COUT
DIOM5226X203M,MMSZ5221_1.BT1_DIOM5226X203M_SM,SMM4F5.0,,IC,DOUT
SOD3716X135M,MMSZ5221_1.BT1_SOD3716X135M_STP,STPS0560Z,,IC,DS
JUMPER2,CON2_JUMPER2_CON2,CON2,,IC,J1
JUMPER2,CON2_JUMPER2_CON2,CON2,,IC,J2
INDUCTOR_NRS8030,L_INDUCTOR_NRS8030_10UH,10uH,,IC,L1
RESC2013X38M,R_RESC2013X38M_390K,390k,,IC,R1
RESC2013X38M,R_RESC2013X38M_1K,1k,,IC,R3
RESC2013X38M,R_RESC2013X38M_130K,130k,,IC,R11
RESC2013X38M,R_RESC2013X38M_1K,1k,,IC,RF1
RESC2013X38M,R_RESC2013X38M_1K,1k,,IC,RF2
RESC2013X38M,R_RESC2013X38M_180M,180m,,IC,RS1
SOP65P640X120-8M,SPV1040_SOP65P640X120-8M_SPV104,spv1040,,IC,U1
